// Jest Snapshot v1, https://goo.gl/fbAQLP

exports[`Calendar tests Renders Events  1`] = `
<div>
  <div
    class="mx-auto w-full h-full"
  >
    <div
      class="max-w-5xl mx-auto min-h-full rbc-calendar"
      style="min-height: 42rem;"
    >
      <div
        class="rbc-toolbar"
      >
        <span
          class="rbc-btn-group"
        >
          <button
            type="button"
          >
            Today
          </button>
          <button
            type="button"
          >
            Back
          </button>
          <button
            type="button"
          >
            Next
          </button>
        </span>
        <span
          class="rbc-toolbar-label"
        >
          September 2023
        </span>
        <span
          class="rbc-btn-group"
        >
          <button
            class="rbc-active"
            type="button"
          >
            Month
          </button>
          <button
            class=""
            type="button"
          >
            Week
          </button>
          <button
            class=""
            type="button"
          >
            Day
          </button>
          <button
            class=""
            type="button"
          >
            Agenda
          </button>
        </span>
      </div>
      <div
        aria-label="Month View"
        class="rbc-month-view"
        role="table"
      >
        <div
          class="rbc-row rbc-month-header"
          role="row"
        >
          <div
            class="rbc-header"
          >
            <span
              aria-sort="none"
              role="columnheader"
            >
              Sun
            </span>
          </div>
          <div
            class="rbc-header"
          >
            <span
              aria-sort="none"
              role="columnheader"
            >
              Mon
            </span>
          </div>
          <div
            class="rbc-header"
          >
            <span
              aria-sort="none"
              role="columnheader"
            >
              Tue
            </span>
          </div>
          <div
            class="rbc-header"
          >
            <span
              aria-sort="none"
              role="columnheader"
            >
              Wed
            </span>
          </div>
          <div
            class="rbc-header"
          >
            <span
              aria-sort="none"
              role="columnheader"
            >
              Thu
            </span>
          </div>
          <div
            class="rbc-header"
          >
            <span
              aria-sort="none"
              role="columnheader"
            >
              Fri
            </span>
          </div>
          <div
            class="rbc-header"
          >
            <span
              aria-sort="none"
              role="columnheader"
            >
              Sat
            </span>
          </div>
        </div>
        <div
          class="rbc-month-row"
          role="rowgroup"
        >
          <div
            class="rbc-row-bg"
          >
            <div
              class="rbc-day-bg rbc-off-range-bg"
            />
            <div
              class="rbc-day-bg rbc-off-range-bg"
            />
            <div
              class="rbc-day-bg rbc-off-range-bg"
            />
            <div
              class="rbc-day-bg rbc-off-range-bg"
            />
            <div
              class="rbc-day-bg rbc-off-range-bg"
            />
            <div
              class="rbc-day-bg"
            />
            <div
              class="rbc-day-bg"
            />
          </div>
          <div
            class="rbc-row-content rbc-row-content-scrollable"
            role="row"
          >
            <div
              class="rbc-row "
            >
              <div
                class="rbc-date-cell rbc-off-range"
                role="cell"
              >
                <button
                  class="rbc-button-link"
                  role="cell"
                  type="button"
                >
                  27
                </button>
              </div>
              <div
                class="rbc-date-cell rbc-off-range"
                role="cell"
              >
                <button
                  class="rbc-button-link"
                  role="cell"
                  type="button"
                >
                  28
                </button>
              </div>
              <div
                class="rbc-date-cell rbc-off-range"
                role="cell"
              >
                <button
                  class="rbc-button-link"
                  role="cell"
                  type="button"
                >
                  29
                </button>
              </div>
              <div
                class="rbc-date-cell rbc-off-range"
                role="cell"
              >
                <button
                  class="rbc-button-link"
                  role="cell"
                  type="button"
                >
                  30
                </button>
              </div>
              <div
                class="rbc-date-cell rbc-off-range"
                role="cell"
              >
                <button
                  class="rbc-button-link"
                  role="cell"
                  type="button"
                >
                  31
                </button>
              </div>
              <div
                class="rbc-date-cell"
                role="cell"
              >
                <button
                  class="rbc-button-link"
                  role="cell"
                  type="button"
                >
                  01
                </button>
              </div>
              <div
                class="rbc-date-cell"
                role="cell"
              >
                <button
                  class="rbc-button-link"
                  role="cell"
                  type="button"
                >
                  02
                </button>
              </div>
            </div>
            <div
              class="rbc-row-content-scroll-container"
            />
          </div>
        </div>
        <div
          class="rbc-month-row"
          role="rowgroup"
        >
          <div
            class="rbc-row-bg"
          >
            <div
              class="rbc-day-bg"
            />
            <div
              class="rbc-day-bg"
            />
            <div
              class="rbc-day-bg"
            />
            <div
              class="rbc-day-bg"
            />
            <div
              class="rbc-day-bg"
            />
            <div
              class="rbc-day-bg"
            />
            <div
              class="rbc-day-bg"
            />
          </div>
          <div
            class="rbc-row-content rbc-row-content-scrollable"
            role="row"
          >
            <div
              class="rbc-row "
            >
              <div
                class="rbc-date-cell"
                role="cell"
              >
                <button
                  class="rbc-button-link"
                  role="cell"
                  type="button"
                >
                  03
                </button>
              </div>
              <div
                class="rbc-date-cell"
                role="cell"
              >
                <button
                  class="rbc-button-link"
                  role="cell"
                  type="button"
                >
                  04
                </button>
              </div>
              <div
                class="rbc-date-cell"
                role="cell"
              >
                <button
                  class="rbc-button-link"
                  role="cell"
                  type="button"
                >
                  05
                </button>
              </div>
              <div
                class="rbc-date-cell"
                role="cell"
              >
                <button
                  class="rbc-button-link"
                  role="cell"
                  type="button"
                >
                  06
                </button>
              </div>
              <div
                class="rbc-date-cell"
                role="cell"
              >
                <button
                  class="rbc-button-link"
                  role="cell"
                  type="button"
                >
                  07
                </button>
              </div>
              <div
                class="rbc-date-cell"
                role="cell"
              >
                <button
                  class="rbc-button-link"
                  role="cell"
                  type="button"
                >
                  08
                </button>
              </div>
              <div
                class="rbc-date-cell"
                role="cell"
              >
                <button
                  class="rbc-button-link"
                  role="cell"
                  type="button"
                >
                  09
                </button>
              </div>
            </div>
            <div
              class="rbc-row-content-scroll-container"
            />
          </div>
        </div>
        <div
          class="rbc-month-row"
          role="rowgroup"
        >
          <div
            class="rbc-row-bg"
          >
            <div
              class="rbc-day-bg"
            />
            <div
              class="rbc-day-bg"
            />
            <div
              class="rbc-day-bg"
            />
            <div
              class="rbc-day-bg"
            />
            <div
              class="rbc-day-bg"
            />
            <div
              class="rbc-day-bg"
            />
            <div
              class="rbc-day-bg"
            />
          </div>
          <div
            class="rbc-row-content rbc-row-content-scrollable"
            role="row"
          >
            <div
              class="rbc-row "
            >
              <div
                class="rbc-date-cell"
                role="cell"
              >
                <button
                  class="rbc-button-link"
                  role="cell"
                  type="button"
                >
                  10
                </button>
              </div>
              <div
                class="rbc-date-cell"
                role="cell"
              >
                <button
                  class="rbc-button-link"
                  role="cell"
                  type="button"
                >
                  11
                </button>
              </div>
              <div
                class="rbc-date-cell"
                role="cell"
              >
                <button
                  class="rbc-button-link"
                  role="cell"
                  type="button"
                >
                  12
                </button>
              </div>
              <div
                class="rbc-date-cell"
                role="cell"
              >
                <button
                  class="rbc-button-link"
                  role="cell"
                  type="button"
                >
                  13
                </button>
              </div>
              <div
                class="rbc-date-cell"
                role="cell"
              >
                <button
                  class="rbc-button-link"
                  role="cell"
                  type="button"
                >
                  14
                </button>
              </div>
              <div
                class="rbc-date-cell"
                role="cell"
              >
                <button
                  class="rbc-button-link"
                  role="cell"
                  type="button"
                >
                  15
                </button>
              </div>
              <div
                class="rbc-date-cell"
                role="cell"
              >
                <button
                  class="rbc-button-link"
                  role="cell"
                  type="button"
                >
                  16
                </button>
              </div>
            </div>
            <div
              class="rbc-row-content-scroll-container"
            />
          </div>
        </div>
        <div
          class="rbc-month-row"
          role="rowgroup"
        >
          <div
            class="rbc-row-bg"
          >
            <div
              class="rbc-day-bg"
            />
            <div
              class="rbc-day-bg"
            />
            <div
              class="rbc-day-bg"
            />
            <div
              class="rbc-day-bg"
            />
            <div
              class="rbc-day-bg"
            />
            <div
              class="rbc-day-bg"
            />
            <div
              class="rbc-day-bg rbc-today"
            />
          </div>
          <div
            class="rbc-row-content rbc-row-content-scrollable"
            role="row"
          >
            <div
              class="rbc-row "
            >
              <div
                class="rbc-date-cell"
                role="cell"
              >
                <button
                  class="rbc-button-link"
                  role="cell"
                  type="button"
                >
                  17
                </button>
              </div>
              <div
                class="rbc-date-cell"
                role="cell"
              >
                <button
                  class="rbc-button-link"
                  role="cell"
                  type="button"
                >
                  18
                </button>
              </div>
              <div
                class="rbc-date-cell"
                role="cell"
              >
                <button
                  class="rbc-button-link"
                  role="cell"
                  type="button"
                >
                  19
                </button>
              </div>
              <div
                class="rbc-date-cell"
                role="cell"
              >
                <button
                  class="rbc-button-link"
                  role="cell"
                  type="button"
                >
                  20
                </button>
              </div>
              <div
                class="rbc-date-cell"
                role="cell"
              >
                <button
                  class="rbc-button-link"
                  role="cell"
                  type="button"
                >
                  21
                </button>
              </div>
              <div
                class="rbc-date-cell"
                role="cell"
              >
                <button
                  class="rbc-button-link"
                  role="cell"
                  type="button"
                >
                  22
                </button>
              </div>
              <div
                class="rbc-date-cell rbc-now rbc-current"
                role="cell"
              >
                <button
                  class="rbc-button-link"
                  role="cell"
                  type="button"
                >
                  23
                </button>
              </div>
            </div>
            <div
              class="rbc-row-content-scroll-container"
            >
              <div
                class="rbc-row"
              >
                <div
                  class="rbc-row-segment"
                  style="flex-basis: 85.71428571428571%; max-width: 85.71428571428571%;"
                >
                   
                </div>
                <div
                  class="rbc-row-segment"
                  style="flex-basis: 14.285714285714285%; max-width: 14.285714285714285%;"
                >
                  <div>
                    <div
                      class="rbc-event"
                      tabindex="0"
                    >
                      <div
                        class="rbc-event-content"
                        title="Community Building Workshop Japan"
                      >
                        <h4>
                          Community Building Workshop Japan
                        </h4>
                      </div>
                    </div>
                  </div>
                </div>
              </div>
            </div>
          </div>
        </div>
        <div
          class="rbc-month-row"
          role="rowgroup"
        >
          <div
            class="rbc-row-bg"
          >
            <div
              class="rbc-day-bg"
            />
            <div
              class="rbc-day-bg"
            />
            <div
              class="rbc-day-bg"
            />
            <div
              class="rbc-day-bg"
            />
            <div
              class="rbc-day-bg"
            />
            <div
              class="rbc-day-bg"
            />
            <div
              class="rbc-day-bg"
            />
          </div>
          <div
            class="rbc-row-content rbc-row-content-scrollable"
            role="row"
          >
            <div
              class="rbc-row "
            >
              <div
                class="rbc-date-cell"
                role="cell"
              >
                <button
                  class="rbc-button-link"
                  role="cell"
                  type="button"
                >
                  24
                </button>
              </div>
              <div
                class="rbc-date-cell"
                role="cell"
              >
                <button
                  class="rbc-button-link"
                  role="cell"
                  type="button"
                >
                  25
                </button>
              </div>
              <div
                class="rbc-date-cell"
                role="cell"
              >
                <button
                  class="rbc-button-link"
                  role="cell"
                  type="button"
                >
                  26
                </button>
              </div>
              <div
                class="rbc-date-cell"
                role="cell"
              >
                <button
                  class="rbc-button-link"
                  role="cell"
                  type="button"
                >
                  27
                </button>
              </div>
              <div
                class="rbc-date-cell"
                role="cell"
              >
                <button
                  class="rbc-button-link"
                  role="cell"
                  type="button"
                >
                  28
                </button>
              </div>
              <div
                class="rbc-date-cell"
                role="cell"
              >
                <button
                  class="rbc-button-link"
                  role="cell"
                  type="button"
                >
                  29
                </button>
              </div>
              <div
                class="rbc-date-cell"
                role="cell"
              >
                <button
                  class="rbc-button-link"
                  role="cell"
                  type="button"
                >
                  30
                </button>
              </div>
            </div>
            <div
              class="rbc-row-content-scroll-container"
            >
              <div
                class="rbc-row"
              >
                <div
                  class="rbc-row-segment"
                  style="flex-basis: 71.42857142857143%; max-width: 71.42857142857143%;"
                >
                   
                </div>
                <div
                  class="rbc-row-segment"
                  style="flex-basis: 14.285714285714285%; max-width: 14.285714285714285%;"
                >
                  <div>
                    <div
                      class="rbc-event"
                      tabindex="0"
                    >
                      <div
                        class="rbc-event-content"
                        title="Rome Community Day 2023"
                      >
                        <h4>
                          Rome Community Day 2023
                        </h4>
                      </div>
                    </div>
                  </div>
                </div>
                <div
                  class="rbc-row-segment"
                  style="flex-basis: 14.285714285714285%; max-width: 14.285714285714285%;"
                >
                  <div>
                    <div
                      class="rbc-event"
                      tabindex="0"
                    >
                      <div
                        class="rbc-event-content"
                        title="WordCamp Gdynia, Poland"
                      >
                        <h4>
                          WordCamp Gdynia, Poland
                        </h4>
                      </div>
                    </div>
                  </div>
                </div>
              </div>
            </div>
          </div>
        </div>
      </div>
    </div>
  </div>
</div>
`;

exports[`Calendar tests Snapshot test  1`] = `
<div>
  <div
    class="mx-auto w-full h-full"
  >
    <div
      class="max-w-5xl mx-auto min-h-full rbc-calendar"
      style="min-height: 42rem;"
    >
      <div
        class="rbc-toolbar"
      >
        <span
          class="rbc-btn-group"
        >
          <button
            type="button"
          >
            Today
          </button>
          <button
            type="button"
          >
            Back
          </button>
          <button
            type="button"
          >
            Next
          </button>
        </span>
        <span
          class="rbc-toolbar-label"
        >
          September 2023
        </span>
        <span
          class="rbc-btn-group"
        >
          <button
            class="rbc-active"
            type="button"
          >
            Month
          </button>
          <button
            class=""
            type="button"
          >
            Week
          </button>
          <button
            class=""
            type="button"
          >
            Day
          </button>
          <button
            class=""
            type="button"
          >
            Agenda
          </button>
        </span>
      </div>
      <div
        aria-label="Month View"
        class="rbc-month-view"
        role="table"
      >
        <div
          class="rbc-row rbc-month-header"
          role="row"
        >
          <div
            class="rbc-header"
          >
            <span
              aria-sort="none"
              role="columnheader"
            >
              Sun
            </span>
          </div>
          <div
            class="rbc-header"
          >
            <span
              aria-sort="none"
              role="columnheader"
            >
              Mon
            </span>
          </div>
          <div
            class="rbc-header"
          >
            <span
              aria-sort="none"
              role="columnheader"
            >
              Tue
            </span>
          </div>
          <div
            class="rbc-header"
          >
            <span
              aria-sort="none"
              role="columnheader"
            >
              Wed
            </span>
          </div>
          <div
            class="rbc-header"
          >
            <span
              aria-sort="none"
              role="columnheader"
            >
              Thu
            </span>
          </div>
          <div
            class="rbc-header"
          >
            <span
              aria-sort="none"
              role="columnheader"
            >
              Fri
            </span>
          </div>
          <div
            class="rbc-header"
          >
            <span
              aria-sort="none"
              role="columnheader"
            >
              Sat
            </span>
          </div>
        </div>
        <div
          class="rbc-month-row"
          role="rowgroup"
        >
          <div
            class="rbc-row-bg"
          >
            <div
              class="rbc-day-bg rbc-off-range-bg"
            />
            <div
              class="rbc-day-bg rbc-off-range-bg"
            />
            <div
              class="rbc-day-bg rbc-off-range-bg"
            />
            <div
              class="rbc-day-bg rbc-off-range-bg"
            />
            <div
              class="rbc-day-bg rbc-off-range-bg"
            />
            <div
              class="rbc-day-bg"
            />
            <div
              class="rbc-day-bg"
            />
          </div>
          <div
            class="rbc-row-content rbc-row-content-scrollable"
            role="row"
          >
            <div
              class="rbc-row "
            >
              <div
                class="rbc-date-cell rbc-off-range"
                role="cell"
              >
                <button
                  class="rbc-button-link"
                  role="cell"
                  type="button"
                >
                  27
                </button>
              </div>
              <div
                class="rbc-date-cell rbc-off-range"
                role="cell"
              >
                <button
                  class="rbc-button-link"
                  role="cell"
                  type="button"
                >
                  28
                </button>
              </div>
              <div
                class="rbc-date-cell rbc-off-range"
                role="cell"
              >
                <button
                  class="rbc-button-link"
                  role="cell"
                  type="button"
                >
                  29
                </button>
              </div>
              <div
                class="rbc-date-cell rbc-off-range"
                role="cell"
              >
                <button
                  class="rbc-button-link"
                  role="cell"
                  type="button"
                >
                  30
                </button>
              </div>
              <div
                class="rbc-date-cell rbc-off-range"
                role="cell"
              >
                <button
                  class="rbc-button-link"
                  role="cell"
                  type="button"
                >
                  31
                </button>
              </div>
              <div
                class="rbc-date-cell"
                role="cell"
              >
                <button
                  class="rbc-button-link"
                  role="cell"
                  type="button"
                >
                  01
                </button>
              </div>
              <div
                class="rbc-date-cell"
                role="cell"
              >
                <button
                  class="rbc-button-link"
                  role="cell"
                  type="button"
                >
                  02
                </button>
              </div>
            </div>
            <div
              class="rbc-row-content-scroll-container"
            />
          </div>
        </div>
        <div
          class="rbc-month-row"
          role="rowgroup"
        >
          <div
            class="rbc-row-bg"
          >
            <div
              class="rbc-day-bg"
            />
            <div
              class="rbc-day-bg"
            />
            <div
              class="rbc-day-bg"
            />
            <div
              class="rbc-day-bg"
            />
            <div
              class="rbc-day-bg"
            />
            <div
              class="rbc-day-bg"
            />
            <div
              class="rbc-day-bg"
            />
          </div>
          <div
            class="rbc-row-content rbc-row-content-scrollable"
            role="row"
          >
            <div
              class="rbc-row "
            >
              <div
                class="rbc-date-cell"
                role="cell"
              >
                <button
                  class="rbc-button-link"
                  role="cell"
                  type="button"
                >
                  03
                </button>
              </div>
              <div
                class="rbc-date-cell"
                role="cell"
              >
                <button
                  class="rbc-button-link"
                  role="cell"
                  type="button"
                >
                  04
                </button>
              </div>
              <div
                class="rbc-date-cell"
                role="cell"
              >
                <button
                  class="rbc-button-link"
                  role="cell"
                  type="button"
                >
                  05
                </button>
              </div>
              <div
                class="rbc-date-cell"
                role="cell"
              >
                <button
                  class="rbc-button-link"
                  role="cell"
                  type="button"
                >
                  06
                </button>
              </div>
              <div
                class="rbc-date-cell"
                role="cell"
              >
                <button
                  class="rbc-button-link"
                  role="cell"
                  type="button"
                >
                  07
                </button>
              </div>
              <div
                class="rbc-date-cell"
                role="cell"
              >
                <button
                  class="rbc-button-link"
                  role="cell"
                  type="button"
                >
                  08
                </button>
              </div>
              <div
                class="rbc-date-cell"
                role="cell"
              >
                <button
                  class="rbc-button-link"
                  role="cell"
                  type="button"
                >
                  09
                </button>
              </div>
            </div>
            <div
              class="rbc-row-content-scroll-container"
            />
          </div>
        </div>
        <div
          class="rbc-month-row"
          role="rowgroup"
        >
          <div
            class="rbc-row-bg"
          >
            <div
              class="rbc-day-bg"
            />
            <div
              class="rbc-day-bg"
            />
            <div
              class="rbc-day-bg"
            />
            <div
              class="rbc-day-bg"
            />
            <div
              class="rbc-day-bg"
            />
            <div
              class="rbc-day-bg"
            />
            <div
              class="rbc-day-bg"
            />
          </div>
          <div
            class="rbc-row-content rbc-row-content-scrollable"
            role="row"
          >
            <div
              class="rbc-row "
            >
              <div
                class="rbc-date-cell"
                role="cell"
              >
                <button
                  class="rbc-button-link"
                  role="cell"
                  type="button"
                >
                  10
                </button>
              </div>
              <div
                class="rbc-date-cell"
                role="cell"
              >
                <button
                  class="rbc-button-link"
                  role="cell"
                  type="button"
                >
                  11
                </button>
              </div>
              <div
                class="rbc-date-cell"
                role="cell"
              >
                <button
                  class="rbc-button-link"
                  role="cell"
                  type="button"
                >
                  12
                </button>
              </div>
              <div
                class="rbc-date-cell"
                role="cell"
              >
                <button
                  class="rbc-button-link"
                  role="cell"
                  type="button"
                >
                  13
                </button>
              </div>
              <div
                class="rbc-date-cell"
                role="cell"
              >
                <button
                  class="rbc-button-link"
                  role="cell"
                  type="button"
                >
                  14
                </button>
              </div>
              <div
                class="rbc-date-cell"
                role="cell"
              >
                <button
                  class="rbc-button-link"
                  role="cell"
                  type="button"
                >
                  15
                </button>
              </div>
              <div
                class="rbc-date-cell"
                role="cell"
              >
                <button
                  class="rbc-button-link"
                  role="cell"
                  type="button"
                >
                  16
                </button>
              </div>
            </div>
            <div
              class="rbc-row-content-scroll-container"
            />
          </div>
        </div>
        <div
          class="rbc-month-row"
          role="rowgroup"
        >
          <div
            class="rbc-row-bg"
          >
            <div
              class="rbc-day-bg"
            />
            <div
              class="rbc-day-bg"
            />
            <div
              class="rbc-day-bg"
            />
            <div
              class="rbc-day-bg"
            />
            <div
              class="rbc-day-bg"
            />
            <div
              class="rbc-day-bg"
            />
            <div
              class="rbc-day-bg rbc-today"
            />
          </div>
          <div
            class="rbc-row-content rbc-row-content-scrollable"
            role="row"
          >
            <div
              class="rbc-row "
            >
              <div
                class="rbc-date-cell"
                role="cell"
              >
                <button
                  class="rbc-button-link"
                  role="cell"
                  type="button"
                >
                  17
                </button>
              </div>
              <div
                class="rbc-date-cell"
                role="cell"
              >
                <button
                  class="rbc-button-link"
                  role="cell"
                  type="button"
                >
                  18
                </button>
              </div>
              <div
                class="rbc-date-cell"
                role="cell"
              >
                <button
                  class="rbc-button-link"
                  role="cell"
                  type="button"
                >
                  19
                </button>
              </div>
              <div
                class="rbc-date-cell"
                role="cell"
              >
                <button
                  class="rbc-button-link"
                  role="cell"
                  type="button"
                >
                  20
                </button>
              </div>
              <div
                class="rbc-date-cell"
                role="cell"
              >
                <button
                  class="rbc-button-link"
                  role="cell"
                  type="button"
                >
                  21
                </button>
              </div>
              <div
                class="rbc-date-cell"
                role="cell"
              >
                <button
                  class="rbc-button-link"
                  role="cell"
                  type="button"
                >
                  22
                </button>
              </div>
              <div
                class="rbc-date-cell rbc-now rbc-current"
                role="cell"
              >
                <button
                  class="rbc-button-link"
                  role="cell"
                  type="button"
                >
                  23
                </button>
              </div>
            </div>
            <div
              class="rbc-row-content-scroll-container"
            >
              <div
                class="rbc-row"
              >
                <div
                  class="rbc-row-segment"
                  style="flex-basis: 85.71428571428571%; max-width: 85.71428571428571%;"
                >
                   
                </div>
                <div
                  class="rbc-row-segment"
                  style="flex-basis: 14.285714285714285%; max-width: 14.285714285714285%;"
                >
                  <div>
                    <div
                      class="rbc-event"
                      tabindex="0"
                    >
                      <div
                        class="rbc-event-content"
                        title="Community Building Workshop Japan"
                      >
                        <h4>
                          Community Building Workshop Japan
                        </h4>
                      </div>
                    </div>
                  </div>
                </div>
              </div>
              <div
                class="rbc-row"
              >
                <div
                  class="rbc-row-segment"
                  style="flex-basis: 85.71428571428571%; max-width: 85.71428571428571%;"
                >
                   
                </div>
                <div
                  class="rbc-row-segment"
                  style="flex-basis: 14.285714285714285%; max-width: 14.285714285714285%;"
                >
                  <div>
                    <div
                      class="rbc-event"
                      tabindex="0"
                    >
                      <div
                        class="rbc-event-content"
                        title="Rome Community Day 2023"
                      >
                        <h4>
                          Rome Community Day 2023
                        </h4>
                      </div>
                    </div>
                  </div>
                </div>
              </div>
            </div>
          </div>
        </div>
        <div
          class="rbc-month-row"
          role="rowgroup"
        >
          <div
            class="rbc-row-bg"
          >
            <div
              class="rbc-day-bg"
            />
            <div
              class="rbc-day-bg"
            />
            <div
              class="rbc-day-bg"
            />
            <div
              class="rbc-day-bg"
            />
            <div
              class="rbc-day-bg"
            />
            <div
              class="rbc-day-bg"
            />
            <div
              class="rbc-day-bg"
            />
          </div>
          <div
            class="rbc-row-content rbc-row-content-scrollable"
            role="row"
          >
            <div
              class="rbc-row "
            >
              <div
                class="rbc-date-cell"
                role="cell"
              >
                <button
                  class="rbc-button-link"
                  role="cell"
                  type="button"
                >
                  24
                </button>
              </div>
              <div
                class="rbc-date-cell"
                role="cell"
              >
                <button
                  class="rbc-button-link"
                  role="cell"
                  type="button"
                >
                  25
                </button>
              </div>
              <div
                class="rbc-date-cell"
                role="cell"
              >
                <button
                  class="rbc-button-link"
                  role="cell"
                  type="button"
                >
                  26
                </button>
              </div>
              <div
                class="rbc-date-cell"
                role="cell"
              >
                <button
                  class="rbc-button-link"
                  role="cell"
                  type="button"
                >
                  27
                </button>
              </div>
              <div
                class="rbc-date-cell"
                role="cell"
              >
                <button
                  class="rbc-button-link"
                  role="cell"
                  type="button"
                >
                  28
                </button>
              </div>
              <div
                class="rbc-date-cell"
                role="cell"
              >
                <button
                  class="rbc-button-link"
                  role="cell"
                  type="button"
                >
                  29
                </button>
              </div>
              <div
                class="rbc-date-cell"
                role="cell"
              >
                <button
                  class="rbc-button-link"
                  role="cell"
                  type="button"
                >
                  30
                </button>
              </div>
            </div>
            <div
              class="rbc-row-content-scroll-container"
            />
          </div>
        </div>
      </div>
    </div>
  </div>
</div>
`;
